Copyright 1986-2020 Xilinx, Inc. All Rights Reserved.
------------------------------------------------------------------------------------
| Tool Version : Vivado v.2020.1 (win64) Build 2902540 Wed May 27 19:54:49 MDT 2020
| Date         : Sat Jan  1 19:02:39 2022
| Host         : DESKTOP-H1KDTUU running 64-bit major release  (build 9200)
| Command      : report_control_sets -verbose -file top_control_sets_placed.rpt
| Design       : top
| Device       : xc7a100t
------------------------------------------------------------------------------------

Control Set Information

Table of Contents
-----------------
1. Summary
2. Histogram
3. Flip-Flop Distribution
4. Detailed Control Set Information

1. Summary
----------

+----------------------------------------------------------+-------+
|                          Status                          | Count |
+----------------------------------------------------------+-------+
| Total control sets                                       |   343 |
|    Minimum number of control sets                        |   343 |
|    Addition due to synthesis replication                 |     0 |
|    Addition due to physical synthesis replication        |     0 |
| Unused register locations in slices containing registers |   120 |
+----------------------------------------------------------+-------+
* Control sets can be merged at opt_design using control_set_merge or merge_equivalent_drivers
** Run report_qor_suggestions for automated merging and remapping suggestions


2. Histogram
------------

+--------------------+-------+
|       Fanout       | Count |
+--------------------+-------+
| Total control sets |   343 |
| >= 0 to < 4        |    10 |
| >= 4 to < 6        |     4 |
| >= 6 to < 8        |     5 |
| >= 8 to < 10       |   318 |
| >= 10 to < 12      |     0 |
| >= 12 to < 14      |     0 |
| >= 14 to < 16      |     1 |
| >= 16              |     5 |
+--------------------+-------+
* Control sets can be remapped at either synth_design or opt_design


3. Flip-Flop Distribution
-------------------------

+--------------+-----------------------+------------------------+-----------------+--------------+
| Clock Enable | Synchronous Set/Reset | Asynchronous Set/Reset | Total Registers | Total Slices |
+--------------+-----------------------+------------------------+-----------------+--------------+
| No           | No                    | No                     |               6 |            5 |
| No           | No                    | Yes                    |              64 |           39 |
| No           | Yes                   | No                     |               0 |            0 |
| Yes          | No                    | No                     |            2317 |          901 |
| Yes          | No                    | Yes                    |             381 |          175 |
| Yes          | Yes                   | No                     |               8 |            3 |
+--------------+-----------------------+------------------------+-----------------+--------------+


4. Detailed Control Set Information
-----------------------------------

+----------------------+-------------------------------------------------------------------+------------------------------------------------------------------+------------------+----------------+--------------+
|     Clock Signal     |                           Enable Signal                           |                         Set/Reset Signal                         | Slice Load Count | Bel Load Count | Bels / Slice |
+----------------------+-------------------------------------------------------------------+------------------------------------------------------------------+------------------+----------------+--------------+
| ~i_spi_clk_IBUF_BUFG | debuggerTop/spi/r_rx_byte[2]_i_1_n_2                              | debuggerTop/debugger/AR[0]                                       |                1 |              1 |         1.00 |
| ~i_spi_clk_IBUF_BUFG | debuggerTop/spi/r_rx_byte[5]_i_1_n_2                              | debuggerTop/debugger/AR[0]                                       |                1 |              1 |         1.00 |
| ~i_spi_clk_IBUF_BUFG | debuggerTop/spi/r_rx_byte[6]_i_1_n_2                              | debuggerTop/debugger/AR[0]                                       |                1 |              1 |         1.00 |
| ~i_spi_clk_IBUF_BUFG | debuggerTop/spi/r_rx_byte[7]_i_1_n_2                              | debuggerTop/debugger/AR[0]                                       |                1 |              1 |         1.00 |
| ~i_spi_clk_IBUF_BUFG | debuggerTop/spi/r_rx_byte[0]_i_1_n_2                              | debuggerTop/debugger/AR[0]                                       |                1 |              1 |         1.00 |
| ~i_spi_clk_IBUF_BUFG | debuggerTop/spi/r_rx_byte[1]_i_1_n_2                              | debuggerTop/debugger/AR[0]                                       |                1 |              1 |         1.00 |
| ~i_spi_clk_IBUF_BUFG | debuggerTop/spi/r_rx_byte[4]_i_1_n_2                              | debuggerTop/debugger/AR[0]                                       |                1 |              1 |         1.00 |
| ~i_spi_clk_IBUF_BUFG | debuggerTop/spi/r_rx_byte[3]_i_1_n_2                              | debuggerTop/debugger/AR[0]                                       |                1 |              1 |         1.00 |
|  pll/inst/o_clk_5mhz |                                                                   | debuggerTop/mcu_prg/i_reset_n                                    |                2 |              2 |         1.00 |
| ~pll/inst/o_clk_5mhz |                                                                   |                                                                  |                2 |              2 |         1.00 |
| ~i_spi_clk_IBUF_BUFG |                                                                   | debuggerTop/debugger/AR[0]                                       |                2 |              4 |         2.00 |
|  pll/inst/o_clk_5mhz |                                                                   |                                                                  |                3 |              4 |         1.33 |
| ~pll/inst/o_clk_5mhz | debuggerTop/nes/cpu2A03/cpu6502/ir/r_w_reg_1[0]                   | debuggerTop/values/r_nes_reset_n_reg_0                           |                3 |              5 |         1.67 |
| ~pll/inst/o_clk_5mhz | debuggerTop/nes/cpu2A03/cpu6502/ir/r_w_reg_1[1]                   | debuggerTop/values/r_nes_reset_n_reg_0                           |                3 |              5 |         1.67 |
|  i_spi_clk_IBUF_BUFG |                                                                   | debuggerTop/debugger/AR[0]                                       |                3 |              6 |         2.00 |
| ~pll/inst/o_clk_5mhz | debuggerTop/nes/ppu/r_v[10]_i_1_n_2                               | debuggerTop/values/r_nes_reset_n_reg_0                           |                4 |              6 |         1.50 |
|  i_spi_clk_IBUF_BUFG | debuggerTop/spi/r_tx_byte_buffered                                | debuggerTop/debugger/AR[0]                                       |                1 |              7 |         7.00 |
|  pll/inst/o_clk_5mhz |                                                                   | debuggerTop/debugger/AR[0]                                       |                5 |              7 |         1.40 |
| ~pll/inst/o_clk_5mhz | debuggerTop/nes/clockEnable/E[0]                                  |                                                                  |                3 |              7 |         2.33 |
|  pll/inst/o_clk_5mhz | debuggerTop/nes/cpu2A03/cpu6502/ir/r_address0                     | debuggerTop/values/r_nes_reset_n_reg_0                           |                3 |              8 |         2.67 |
|  pll/inst/o_clk_5mhz | debuggerTop/nes/cpu2A03/cpu6502/tcu/r_tcu_reg[3]_0                | debuggerTop/values/r_nes_reset_n_reg_0                           |                4 |              8 |         2.00 |
|  pll/inst/o_clk_5mhz | debuggerTop/nes/ppu/r_video_address_reg[13]_9                     | debuggerTop/mcu_prg/i_reset_n                                    |                4 |              8 |         2.00 |
|  pll/inst/o_clk_5mhz | debuggerTop/nes/ppu/r_video_we_n_reg_0                            | debuggerTop/mcu_prg/i_reset_n                                    |                4 |              8 |         2.00 |
|  pll/inst/o_clk_5mhz | debuggerTop/debugger/r_mem_address[15]_i_1_n_2                    | debuggerTop/debugger/AR[0]                                       |                4 |              8 |         2.00 |
|  pll/inst/o_clk_5mhz | debuggerTop/debugger/r_cmd[7]_i_1_n_2                             | debuggerTop/debugger/AR[0]                                       |                2 |              8 |         4.00 |
|  pll/inst/o_clk_5mhz | debuggerTop/nes/cpu2A03/cpu6502/tcu/r_debugger_memory_pool_reg[0] | debuggerTop/mcu_prg/i_reset_n                                    |                5 |              8 |         1.60 |
| ~pll/inst/o_clk_5mhz | debuggerTop/nes/cpu2A03/cpu6502/tcu/r_tcu_reg[2]_8[0]             | debuggerTop/values/r_nes_reset_n_reg_0                           |                3 |              8 |         2.67 |
|  pll/inst/o_clk_5mhz | debuggerTop/debugger/r_value_data[15]_i_1_n_2                     | debuggerTop/debugger/AR[0]                                       |                2 |              8 |         4.00 |
|  pll/inst/o_clk_5mhz | debuggerTop/debugger/r_tx_byte[7]_i_1_n_2                         | debuggerTop/debugger/AR[0]                                       |                2 |              8 |         4.00 |
|  pll/inst/o_clk_5mhz | debuggerTop/debugger/r_value_data[7]_i_1_n_2                      | debuggerTop/debugger/AR[0]                                       |                3 |              8 |         2.67 |
|  pll/inst/o_clk_5mhz | debuggerTop/debugger/r_value_id[15]_i_1_n_2                       | debuggerTop/debugger/AR[0]                                       |                2 |              8 |         4.00 |
|  pll/inst/o_clk_5mhz | debuggerTop/debugger/r_value_id[7]_i_1_n_2                        | debuggerTop/debugger/AR[0]                                       |                2 |              8 |         4.00 |
|  pll/inst/o_clk_5mhz | debuggerTop/debugger/E[0]                                         | debuggerTop/mcu_prg/i_reset_n                                    |                2 |              8 |         4.00 |
|  pll/inst/o_clk_5mhz | debuggerTop/debugger/r_mem_address[7]_i_1_n_2                     | debuggerTop/debugger/AR[0]                                       |                4 |              8 |         2.00 |
|  pll/inst/o_clk_5mhz | debuggerTop/debugger/r_mem_data                                   | debuggerTop/debugger/AR[0]                                       |                2 |              8 |         4.00 |
|  pll/inst/o_clk_5mhz | debuggerTop/values/r_debugger_memory_pool_reg[1]_1                | debuggerTop/mcu_prg/i_reset_n                                    |                3 |              8 |         2.67 |
|  pll/inst/o_clk_5mhz | debuggerTop/values/r_debugger_memory_pool_reg[1]_2                | debuggerTop/mcu_prg/i_reset_n                                    |                4 |              8 |         2.00 |
|  pll/inst/o_clk_5mhz | debuggerTop/values/r_debugger_memory_pool_reg[1]_3                | debuggerTop/mcu_prg/i_reset_n                                    |                4 |              8 |         2.00 |
|  pll/inst/o_clk_5mhz | debuggerTop/values/r_mem_en_reg_0                                 | debuggerTop/mcu_prg/i_reset_n                                    |                2 |              8 |         4.00 |
|  pll/inst/o_clk_5mhz | debuggerTop/values/r_mem_en_reg                                   | debuggerTop/mcu_prg/i_reset_n                                    |                3 |              8 |         2.67 |
| ~pll/inst/o_clk_5mhz | debuggerTop/values/E[0]                                           |                                                                  |                2 |              8 |         4.00 |
| ~pll/inst/o_clk_5mhz | debuggerTop/nes/cpu2A03/cpu6502/ir/r_nes_reset_n_reg[0]           |                                                                  |                2 |              8 |         4.00 |
| ~pll/inst/o_clk_5mhz | debuggerTop/nes/cpu2A03/cpu6502/ir/r_nes_reset_n_reg_1[0]         |                                                                  |                7 |              8 |         1.14 |
| ~pll/inst/o_clk_5mhz | debuggerTop/nes/cpu2A03/cpu6502/ir/r_nes_reset_n_reg_10[0]        |                                                                  |                2 |              8 |         4.00 |
| ~pll/inst/o_clk_5mhz | debuggerTop/nes/cpu2A03/cpu6502/ir/r_nes_reset_n_reg_12[0]        |                                                                  |                6 |              8 |         1.33 |
| ~pll/inst/o_clk_5mhz | debuggerTop/nes/cpu2A03/cpu6502/ir/r_nes_reset_n_reg_13[0]        |                                                                  |                5 |              8 |         1.60 |
| ~pll/inst/o_clk_5mhz | debuggerTop/nes/cpu2A03/cpu6502/ir/r_nes_reset_n_reg_14[0]        |                                                                  |                5 |              8 |         1.60 |
| ~pll/inst/o_clk_5mhz | debuggerTop/nes/cpu2A03/cpu6502/ir/r_nes_reset_n_reg_0[0]         |                                                                  |                6 |              8 |         1.33 |
| ~pll/inst/o_clk_5mhz | debuggerTop/nes/cpu2A03/cpu6502/ir/r_nes_reset_n_reg_18[0]        |                                                                  |                4 |              8 |         2.00 |
| ~pll/inst/o_clk_5mhz | debuggerTop/nes/cpu2A03/cpu6502/ir/r_nes_reset_n_reg_20[0]        |                                                                  |                6 |              8 |         1.33 |
| ~pll/inst/o_clk_5mhz | debuggerTop/nes/cpu2A03/cpu6502/ir/r_nes_reset_n_reg_21[0]        |                                                                  |                6 |              8 |         1.33 |
| ~pll/inst/o_clk_5mhz | debuggerTop/nes/cpu2A03/cpu6502/ir/r_nes_reset_n_reg_22[0]        |                                                                  |                6 |              8 |         1.33 |
| ~pll/inst/o_clk_5mhz | debuggerTop/nes/cpu2A03/cpu6502/ir/r_nes_reset_n_reg_16[0]        |                                                                  |                8 |              8 |         1.00 |
| ~pll/inst/o_clk_5mhz | debuggerTop/nes/cpu2A03/cpu6502/ir/r_nes_reset_n_reg_17[0]        |                                                                  |                4 |              8 |         2.00 |
| ~pll/inst/o_clk_5mhz | debuggerTop/nes/cpu2A03/cpu6502/ir/r_nes_reset_n_reg_2[0]         |                                                                  |                2 |              8 |         4.00 |
| ~pll/inst/o_clk_5mhz | debuggerTop/nes/cpu2A03/cpu6502/ir/r_nes_reset_n_reg_5[0]         |                                                                  |                2 |              8 |         4.00 |
| ~pll/inst/o_clk_5mhz | debuggerTop/nes/cpu2A03/cpu6502/ir/r_nes_reset_n_reg_25[0]        |                                                                  |                4 |              8 |         2.00 |
| ~pll/inst/o_clk_5mhz | debuggerTop/nes/cpu2A03/cpu6502/ir/r_nes_reset_n_reg_4[0]         |                                                                  |                2 |              8 |         4.00 |
| ~pll/inst/o_clk_5mhz | debuggerTop/nes/cpu2A03/cpu6502/ir/r_nes_reset_n_reg_24[0]        |                                                                  |                4 |              8 |         2.00 |
| ~pll/inst/o_clk_5mhz | debuggerTop/nes/cpu2A03/cpu6502/ir/r_nes_reset_n_reg_3[0]         |                                                                  |                5 |              8 |         1.60 |
| ~pll/inst/o_clk_5mhz | debuggerTop/nes/cpu2A03/cpu6502/ir/r_nes_reset_n_reg_6[0]         |                                                                  |                1 |              8 |         8.00 |
| ~pll/inst/o_clk_5mhz | debuggerTop/nes/cpu2A03/cpu6502/ir/r_nes_reset_n_reg_26[0]        |                                                                  |                3 |              8 |         2.67 |
| ~pll/inst/o_clk_5mhz | debuggerTop/nes/cpu2A03/cpu6502/ir/r_nes_reset_n_reg_9[0]         |                                                                  |                2 |              8 |         4.00 |
| ~pll/inst/o_clk_5mhz | debuggerTop/nes/cpu2A03/cpu6502/ir/r_nes_reset_n_reg_7[0]         |                                                                  |                4 |              8 |         2.00 |
| ~pll/inst/o_clk_5mhz | debuggerTop/nes/cpu2A03/cpu6502/ir/r_nes_reset_n_reg_8[0]         |                                                                  |                4 |              8 |         2.00 |
| ~pll/inst/o_clk_5mhz | debuggerTop/nes/cpu2A03/cpu6502/ir/r_tcu_reg[0]_9[0]              | debuggerTop/values/r_nes_reset_n_reg_0                           |                2 |              8 |         4.00 |
| ~pll/inst/o_clk_5mhz | debuggerTop/nes/cpu2A03/cpu6502/ir/r_w_reg_2[0]                   | debuggerTop/values/r_nes_reset_n_reg_0                           |                2 |              8 |         4.00 |
| ~pll/inst/o_clk_5mhz | debuggerTop/nes/cpu2A03/cpu6502/ir/r_w_reg_2[1]                   | debuggerTop/values/r_nes_reset_n_reg_0                           |                2 |              8 |         4.00 |
| ~pll/inst/o_clk_5mhz | debuggerTop/nes/cpu2A03/r_oamdma_data[7]_i_1_n_2                  |                                                                  |                3 |              8 |         2.67 |
| ~pll/inst/o_clk_5mhz | debuggerTop/nes/cpu2A03/cpu6502/ir/r_ir                           | debuggerTop/values/r_nes_reset_n_reg_0                           |                2 |              8 |         4.00 |
| ~pll/inst/o_clk_5mhz | debuggerTop/nes/cpu2A03/cpu6502/ir/r_nes_reset_n_reg_11           |                                                                  |                3 |              8 |         2.67 |
| ~pll/inst/o_clk_5mhz | debuggerTop/nes/cpu2A03/cpu6502/ir/r_nes_reset_n_reg_15           |                                                                  |                4 |              8 |         2.00 |
| ~pll/inst/o_clk_5mhz | debuggerTop/nes/cpu2A03/cpu6502/ir/r_nes_reset_n_reg_19           |                                                                  |                4 |              8 |         2.00 |
| ~pll/inst/o_clk_5mhz | debuggerTop/nes/cpu2A03/cpu6502/ir/r_nes_reset_n_reg_30           |                                                                  |                4 |              8 |         2.00 |
| ~pll/inst/o_clk_5mhz | debuggerTop/nes/cpu2A03/cpu6502/ir/r_nes_reset_n_reg_30           | debuggerTop/nes/cpu2A03/cpu6502/ir/FSM_sequential_r_state_reg[1] |                3 |              8 |         2.67 |
| ~pll/inst/o_clk_5mhz | debuggerTop/nes/cpu2A03/cpu6502/ir/r_nes_reset_n_reg_23           |                                                                  |                2 |              8 |         4.00 |
| ~pll/inst/o_clk_5mhz | debuggerTop/nes/ppu/r_oam[0][7]_i_1_n_2                           |                                                                  |                2 |              8 |         4.00 |
| ~pll/inst/o_clk_5mhz | debuggerTop/nes/ppu/r_oam[100][7]_i_1_n_2                         |                                                                  |                4 |              8 |         2.00 |
| ~pll/inst/o_clk_5mhz | debuggerTop/nes/ppu/r_oam[103][7]_i_1_n_2                         |                                                                  |                3 |              8 |         2.67 |
| ~pll/inst/o_clk_5mhz | debuggerTop/nes/ppu/r_oam[104][7]_i_1_n_2                         |                                                                  |                6 |              8 |         1.33 |
| ~pll/inst/o_clk_5mhz | debuggerTop/nes/ppu/r_oam[102][7]_i_1_n_2                         |                                                                  |                1 |              8 |         8.00 |
| ~pll/inst/o_clk_5mhz | debuggerTop/nes/ppu/r_oam[106][7]_i_1_n_2                         |                                                                  |                2 |              8 |         4.00 |
| ~pll/inst/o_clk_5mhz | debuggerTop/nes/ppu/r_oam[105][7]_i_1_n_2                         |                                                                  |                1 |              8 |         8.00 |
| ~pll/inst/o_clk_5mhz | debuggerTop/nes/ppu/r_oam[108][7]_i_1_n_2                         |                                                                  |                3 |              8 |         2.67 |
| ~pll/inst/o_clk_5mhz | debuggerTop/nes/ppu/r_oam[101][7]_i_1_n_2                         |                                                                  |                2 |              8 |         4.00 |
| ~pll/inst/o_clk_5mhz | debuggerTop/nes/ppu/r_oam[109][7]_i_1_n_2                         |                                                                  |                4 |              8 |         2.00 |
| ~pll/inst/o_clk_5mhz | debuggerTop/nes/ppu/r_oam[10][7]_i_1_n_2                          |                                                                  |                1 |              8 |         8.00 |
| ~pll/inst/o_clk_5mhz | debuggerTop/nes/ppu/r_oam[107][7]_i_1_n_2                         |                                                                  |                2 |              8 |         4.00 |
| ~pll/inst/o_clk_5mhz | debuggerTop/nes/ppu/r_oam[110][7]_i_1_n_2                         |                                                                  |                3 |              8 |         2.67 |
| ~pll/inst/o_clk_5mhz | debuggerTop/nes/ppu/r_oam[111][7]_i_1_n_2                         |                                                                  |                2 |              8 |         4.00 |
| ~pll/inst/o_clk_5mhz | debuggerTop/nes/ppu/r_oam[112][7]_i_1_n_2                         |                                                                  |                2 |              8 |         4.00 |
| ~pll/inst/o_clk_5mhz | debuggerTop/nes/ppu/r_oam[13][7]_i_1_n_2                          |                                                                  |                1 |              8 |         8.00 |
| ~pll/inst/o_clk_5mhz | debuggerTop/nes/ppu/r_oam[114][7]_i_1_n_2                         |                                                                  |                1 |              8 |         8.00 |
| ~pll/inst/o_clk_5mhz | debuggerTop/nes/ppu/r_oam[126][7]_i_1_n_2                         |                                                                  |                4 |              8 |         2.00 |
| ~pll/inst/o_clk_5mhz | debuggerTop/nes/ppu/r_oam[139][7]_i_1_n_2                         |                                                                  |                2 |              8 |         4.00 |
| ~pll/inst/o_clk_5mhz | debuggerTop/nes/ppu/r_oam[134][7]_i_1_n_2                         |                                                                  |                1 |              8 |         8.00 |
| ~pll/inst/o_clk_5mhz | debuggerTop/nes/ppu/r_oam[141][7]_i_1_n_2                         |                                                                  |                6 |              8 |         1.33 |
| ~pll/inst/o_clk_5mhz | debuggerTop/nes/ppu/r_oam[143][7]_i_1_n_2                         |                                                                  |                5 |              8 |         1.60 |
| ~pll/inst/o_clk_5mhz | debuggerTop/nes/ppu/r_oam[145][7]_i_1_n_2                         |                                                                  |                3 |              8 |         2.67 |
| ~pll/inst/o_clk_5mhz | debuggerTop/nes/ppu/r_oam[125][7]_i_1_n_2                         |                                                                  |                5 |              8 |         1.60 |
| ~pll/inst/o_clk_5mhz | debuggerTop/nes/ppu/r_oam[148][7]_i_1_n_2                         |                                                                  |                2 |              8 |         4.00 |
| ~pll/inst/o_clk_5mhz | debuggerTop/nes/ppu/r_oam[151][7]_i_1_n_2                         |                                                                  |                3 |              8 |         2.67 |
| ~pll/inst/o_clk_5mhz | debuggerTop/nes/ppu/r_oam[12][7]_i_1_n_2                          |                                                                  |                2 |              8 |         4.00 |
| ~pll/inst/o_clk_5mhz | debuggerTop/nes/ppu/r_oam[133][7]_i_1_n_2                         |                                                                  |                1 |              8 |         8.00 |
| ~pll/inst/o_clk_5mhz | debuggerTop/nes/ppu/r_oam[140][7]_i_1_n_2                         |                                                                  |                4 |              8 |         2.00 |
| ~pll/inst/o_clk_5mhz | debuggerTop/nes/ppu/r_oam[147][7]_i_1_n_2                         |                                                                  |                5 |              8 |         1.60 |
| ~pll/inst/o_clk_5mhz | debuggerTop/nes/ppu/r_oam[137][7]_i_1_n_2                         |                                                                  |                4 |              8 |         2.00 |
| ~pll/inst/o_clk_5mhz | debuggerTop/nes/ppu/r_oam[117][7]_i_1_n_2                         |                                                                  |                1 |              8 |         8.00 |
| ~pll/inst/o_clk_5mhz | debuggerTop/nes/ppu/r_oam[144][7]_i_1_n_2                         |                                                                  |                2 |              8 |         4.00 |
| ~pll/inst/o_clk_5mhz | debuggerTop/nes/ppu/r_oam[124][7]_i_1_n_2                         |                                                                  |                4 |              8 |         2.00 |
| ~pll/inst/o_clk_5mhz | debuggerTop/nes/ppu/r_oam[142][7]_i_1_n_2                         |                                                                  |                4 |              8 |         2.00 |
| ~pll/inst/o_clk_5mhz | debuggerTop/nes/ppu/r_oam[11][7]_i_1_n_2                          |                                                                  |                1 |              8 |         8.00 |
| ~pll/inst/o_clk_5mhz | debuggerTop/nes/ppu/r_oam[121][7]_i_1_n_2                         |                                                                  |                1 |              8 |         8.00 |
| ~pll/inst/o_clk_5mhz | debuggerTop/nes/ppu/r_oam[130][7]_i_1_n_2                         |                                                                  |                1 |              8 |         8.00 |
| ~pll/inst/o_clk_5mhz | debuggerTop/nes/ppu/r_oam[152][7]_i_1_n_2                         |                                                                  |                2 |              8 |         4.00 |
| ~pll/inst/o_clk_5mhz | debuggerTop/nes/ppu/r_oam[116][7]_i_1_n_2                         |                                                                  |                3 |              8 |         2.67 |
| ~pll/inst/o_clk_5mhz | debuggerTop/nes/ppu/r_oam[115][7]_i_1_n_2                         |                                                                  |                2 |              8 |         4.00 |
| ~pll/inst/o_clk_5mhz | debuggerTop/nes/ppu/r_oam[118][7]_i_1_n_2                         |                                                                  |                2 |              8 |         4.00 |
| ~pll/inst/o_clk_5mhz | debuggerTop/nes/ppu/r_oam[128][7]_i_1_n_2                         |                                                                  |                2 |              8 |         4.00 |
| ~pll/inst/o_clk_5mhz | debuggerTop/nes/ppu/r_oam[135][7]_i_1_n_2                         |                                                                  |                3 |              8 |         2.67 |
| ~pll/inst/o_clk_5mhz | debuggerTop/nes/ppu/r_oam[123][7]_i_1_n_2                         |                                                                  |                6 |              8 |         1.33 |
| ~pll/inst/o_clk_5mhz | debuggerTop/nes/ppu/r_oam[138][7]_i_1_n_2                         |                                                                  |                1 |              8 |         8.00 |
| ~pll/inst/o_clk_5mhz | debuggerTop/nes/ppu/r_oam[146][7]_i_1_n_2                         |                                                                  |                2 |              8 |         4.00 |
| ~pll/inst/o_clk_5mhz | debuggerTop/nes/ppu/r_oam[149][7]_i_1_n_2                         |                                                                  |                1 |              8 |         8.00 |
| ~pll/inst/o_clk_5mhz | debuggerTop/nes/ppu/r_oam[153][7]_i_1_n_2                         |                                                                  |                3 |              8 |         2.67 |
| ~pll/inst/o_clk_5mhz | debuggerTop/nes/ppu/r_oam[154][7]_i_1_n_2                         |                                                                  |                5 |              8 |         1.60 |
| ~pll/inst/o_clk_5mhz | debuggerTop/nes/ppu/r_oam[155][7]_i_1_n_2                         |                                                                  |                5 |              8 |         1.60 |
| ~pll/inst/o_clk_5mhz | debuggerTop/nes/ppu/r_oam[14][7]_i_1_n_2                          |                                                                  |                1 |              8 |         8.00 |
| ~pll/inst/o_clk_5mhz | debuggerTop/nes/ppu/r_oam[156][7]_i_1_n_2                         |                                                                  |                2 |              8 |         4.00 |
| ~pll/inst/o_clk_5mhz | debuggerTop/nes/ppu/r_oam[119][7]_i_1_n_2                         |                                                                  |                2 |              8 |         4.00 |
| ~pll/inst/o_clk_5mhz | debuggerTop/nes/ppu/r_oam[150][7]_i_1_n_2                         |                                                                  |                4 |              8 |         2.00 |
| ~pll/inst/o_clk_5mhz | debuggerTop/nes/ppu/r_oam[157][7]_i_1_n_2                         |                                                                  |                3 |              8 |         2.67 |
| ~pll/inst/o_clk_5mhz | debuggerTop/nes/ppu/r_oam[113][7]_i_1_n_2                         |                                                                  |                3 |              8 |         2.67 |
| ~pll/inst/o_clk_5mhz | debuggerTop/nes/ppu/r_oam[120][7]_i_1_n_2                         |                                                                  |                2 |              8 |         4.00 |
| ~pll/inst/o_clk_5mhz | debuggerTop/nes/ppu/r_oam[127][7]_i_1_n_2                         |                                                                  |                5 |              8 |         1.60 |
| ~pll/inst/o_clk_5mhz | debuggerTop/nes/ppu/r_oam[129][7]_i_1_n_2                         |                                                                  |                2 |              8 |         4.00 |
| ~pll/inst/o_clk_5mhz | debuggerTop/nes/ppu/r_oam[131][7]_i_1_n_2                         |                                                                  |                3 |              8 |         2.67 |
| ~pll/inst/o_clk_5mhz | debuggerTop/nes/ppu/r_oam[132][7]_i_1_n_2                         |                                                                  |                2 |              8 |         4.00 |
| ~pll/inst/o_clk_5mhz | debuggerTop/nes/ppu/r_oam[136][7]_i_1_n_2                         |                                                                  |                3 |              8 |         2.67 |
| ~pll/inst/o_clk_5mhz | debuggerTop/nes/ppu/r_oam[122][7]_i_1_n_2                         |                                                                  |                5 |              8 |         1.60 |
| ~pll/inst/o_clk_5mhz | debuggerTop/nes/ppu/r_oam[194][7]_i_1_n_2                         |                                                                  |                2 |              8 |         4.00 |
| ~pll/inst/o_clk_5mhz | debuggerTop/nes/ppu/r_oam[186][7]_i_1_n_2                         |                                                                  |                2 |              8 |         4.00 |
| ~pll/inst/o_clk_5mhz | debuggerTop/nes/ppu/r_oam[176][7]_i_1_n_2                         |                                                                  |                1 |              8 |         8.00 |
| ~pll/inst/o_clk_5mhz | debuggerTop/nes/ppu/r_oam[163][7]_i_1_n_2                         |                                                                  |                2 |              8 |         4.00 |
| ~pll/inst/o_clk_5mhz | debuggerTop/nes/ppu/r_oam[169][7]_i_1_n_2                         |                                                                  |                2 |              8 |         4.00 |
| ~pll/inst/o_clk_5mhz | debuggerTop/nes/ppu/r_oam[160][7]_i_1_n_2                         |                                                                  |                2 |              8 |         4.00 |
| ~pll/inst/o_clk_5mhz | debuggerTop/nes/ppu/r_oam[195][7]_i_1_n_2                         |                                                                  |                4 |              8 |         2.00 |
| ~pll/inst/o_clk_5mhz | debuggerTop/nes/ppu/r_oam[179][7]_i_1_n_2                         |                                                                  |                1 |              8 |         8.00 |
| ~pll/inst/o_clk_5mhz | debuggerTop/nes/ppu/r_oam[161][7]_i_1_n_2                         |                                                                  |                2 |              8 |         4.00 |
| ~pll/inst/o_clk_5mhz | debuggerTop/nes/ppu/r_oam[188][7]_i_1_n_2                         |                                                                  |                7 |              8 |         1.14 |
| ~pll/inst/o_clk_5mhz | debuggerTop/nes/ppu/r_oam[196][7]_i_1_n_2                         |                                                                  |                3 |              8 |         2.67 |
| ~pll/inst/o_clk_5mhz | debuggerTop/nes/ppu/r_oam[197][7]_i_1_n_2                         |                                                                  |                5 |              8 |         1.60 |
| ~pll/inst/o_clk_5mhz | debuggerTop/nes/ppu/r_oam[175][7]_i_1_n_2                         |                                                                  |                7 |              8 |         1.14 |
| ~pll/inst/o_clk_5mhz | debuggerTop/nes/ppu/r_oam[198][7]_i_1_n_2                         |                                                                  |                1 |              8 |         8.00 |
| ~pll/inst/o_clk_5mhz | debuggerTop/nes/ppu/r_oam[199][7]_i_1_n_2                         |                                                                  |                4 |              8 |         2.00 |
| ~pll/inst/o_clk_5mhz | debuggerTop/nes/ppu/r_oam[19][7]_i_1_n_2                          |                                                                  |                1 |              8 |         8.00 |
| ~pll/inst/o_clk_5mhz | debuggerTop/nes/ppu/r_oam[15][7]_i_1_n_2                          |                                                                  |                3 |              8 |         2.67 |
| ~pll/inst/o_clk_5mhz | debuggerTop/nes/ppu/r_oam[178][7]_i_1_n_2                         |                                                                  |                3 |              8 |         2.67 |
| ~pll/inst/o_clk_5mhz | debuggerTop/nes/ppu/r_oam[187][7]_i_1_n_2                         |                                                                  |                2 |              8 |         4.00 |
| ~pll/inst/o_clk_5mhz | debuggerTop/nes/ppu/r_oam[16][7]_i_1_n_2                          |                                                                  |                3 |              8 |         2.67 |
| ~pll/inst/o_clk_5mhz | debuggerTop/nes/ppu/r_oam[171][7]_i_1_n_2                         |                                                                  |                2 |              8 |         4.00 |
| ~pll/inst/o_clk_5mhz | debuggerTop/nes/ppu/r_oam[182][7]_i_1_n_2                         |                                                                  |                4 |              8 |         2.00 |
| ~pll/inst/o_clk_5mhz | debuggerTop/nes/ppu/r_oam[168][7]_i_1_n_2                         |                                                                  |                4 |              8 |         2.00 |
| ~pll/inst/o_clk_5mhz | debuggerTop/nes/ppu/r_oam[180][7]_i_1_n_2                         |                                                                  |                2 |              8 |         4.00 |
| ~pll/inst/o_clk_5mhz | debuggerTop/nes/ppu/r_oam[164][7]_i_1_n_2                         |                                                                  |                1 |              8 |         8.00 |
| ~pll/inst/o_clk_5mhz | debuggerTop/nes/ppu/r_oam[193][7]_i_1_n_2                         |                                                                  |                1 |              8 |         8.00 |
| ~pll/inst/o_clk_5mhz | debuggerTop/nes/ppu/r_oam[174][7]_i_1_n_2                         |                                                                  |                3 |              8 |         2.67 |
| ~pll/inst/o_clk_5mhz | debuggerTop/nes/ppu/r_oam[170][7]_i_1_n_2                         |                                                                  |                3 |              8 |         2.67 |
| ~pll/inst/o_clk_5mhz | debuggerTop/nes/ppu/r_oam[172][7]_i_1_n_2                         |                                                                  |                1 |              8 |         8.00 |
| ~pll/inst/o_clk_5mhz | debuggerTop/nes/ppu/r_oam[181][7]_i_1_n_2                         |                                                                  |                4 |              8 |         2.00 |
| ~pll/inst/o_clk_5mhz | debuggerTop/nes/ppu/r_oam[183][7]_i_1_n_2                         |                                                                  |                4 |              8 |         2.00 |
| ~pll/inst/o_clk_5mhz | debuggerTop/nes/ppu/r_oam[18][7]_i_1_n_2                          |                                                                  |                1 |              8 |         8.00 |
| ~pll/inst/o_clk_5mhz | debuggerTop/nes/ppu/r_oam[190][7]_i_1_n_2                         |                                                                  |                4 |              8 |         2.00 |
| ~pll/inst/o_clk_5mhz | debuggerTop/nes/ppu/r_oam[166][7]_i_1_n_2                         |                                                                  |                1 |              8 |         8.00 |
| ~pll/inst/o_clk_5mhz | debuggerTop/nes/ppu/r_oam[162][7]_i_1_n_2                         |                                                                  |                3 |              8 |         2.67 |
| ~pll/inst/o_clk_5mhz | debuggerTop/nes/ppu/r_oam[17][7]_i_1_n_2                          |                                                                  |                1 |              8 |         8.00 |
| ~pll/inst/o_clk_5mhz | debuggerTop/nes/ppu/r_oam[158][7]_i_1_n_2                         |                                                                  |                6 |              8 |         1.33 |
| ~pll/inst/o_clk_5mhz | debuggerTop/nes/ppu/r_oam[165][7]_i_1_n_2                         |                                                                  |                2 |              8 |         4.00 |
| ~pll/inst/o_clk_5mhz | debuggerTop/nes/ppu/r_oam[177][7]_i_1_n_2                         |                                                                  |                3 |              8 |         2.67 |
| ~pll/inst/o_clk_5mhz | debuggerTop/nes/ppu/r_oam[184][7]_i_1_n_2                         |                                                                  |                3 |              8 |         2.67 |
| ~pll/inst/o_clk_5mhz | debuggerTop/nes/ppu/r_oam[191][7]_i_1_n_2                         |                                                                  |                6 |              8 |         1.33 |
| ~pll/inst/o_clk_5mhz | debuggerTop/nes/ppu/r_oam[185][7]_i_1_n_2                         |                                                                  |                2 |              8 |         4.00 |
| ~pll/inst/o_clk_5mhz | debuggerTop/nes/ppu/r_oam[192][7]_i_1_n_2                         |                                                                  |                2 |              8 |         4.00 |
| ~pll/inst/o_clk_5mhz | debuggerTop/nes/ppu/r_oam[189][7]_i_1_n_2                         |                                                                  |                1 |              8 |         8.00 |
| ~pll/inst/o_clk_5mhz | debuggerTop/nes/ppu/r_oam[173][7]_i_1_n_2                         |                                                                  |                7 |              8 |         1.14 |
| ~pll/inst/o_clk_5mhz | debuggerTop/nes/ppu/r_oam[159][7]_i_1_n_2                         |                                                                  |                2 |              8 |         4.00 |
| ~pll/inst/o_clk_5mhz | debuggerTop/nes/ppu/r_oam[167][7]_i_1_n_2                         |                                                                  |                3 |              8 |         2.67 |
| ~pll/inst/o_clk_5mhz | debuggerTop/nes/ppu/r_oam[242][7]_i_1_n_2                         |                                                                  |                2 |              8 |         4.00 |
| ~pll/inst/o_clk_5mhz | debuggerTop/nes/ppu/r_oam[211][7]_i_1_n_2                         |                                                                  |                4 |              8 |         2.00 |
| ~pll/inst/o_clk_5mhz | debuggerTop/nes/ppu/r_oam[230][7]_i_1_n_2                         |                                                                  |                4 |              8 |         2.00 |
| ~pll/inst/o_clk_5mhz | debuggerTop/nes/ppu/r_oam[243][7]_i_1_n_2                         |                                                                  |                5 |              8 |         1.60 |
| ~pll/inst/o_clk_5mhz | debuggerTop/nes/ppu/r_oam[247][7]_i_1_n_2                         |                                                                  |                2 |              8 |         4.00 |
| ~pll/inst/o_clk_5mhz | debuggerTop/nes/ppu/r_oam[22][7]_i_1_n_2                          |                                                                  |                1 |              8 |         8.00 |
| ~pll/inst/o_clk_5mhz | debuggerTop/nes/ppu/r_oam[201][7]_i_1_n_2                         |                                                                  |                5 |              8 |         1.60 |
| ~pll/inst/o_clk_5mhz | debuggerTop/nes/ppu/r_oam[205][7]_i_1_n_2                         |                                                                  |                4 |              8 |         2.00 |
| ~pll/inst/o_clk_5mhz | debuggerTop/nes/ppu/r_oam[222][7]_i_1_n_2                         |                                                                  |                6 |              8 |         1.33 |
| ~pll/inst/o_clk_5mhz | debuggerTop/nes/ppu/r_oam[209][7]_i_1_n_2                         |                                                                  |                2 |              8 |         4.00 |
| ~pll/inst/o_clk_5mhz | debuggerTop/nes/ppu/r_oam[213][7]_i_1_n_2                         |                                                                  |                2 |              8 |         4.00 |
| ~pll/inst/o_clk_5mhz | debuggerTop/nes/ppu/r_oam[20][7]_i_1_n_2                          |                                                                  |                1 |              8 |         8.00 |
| ~pll/inst/o_clk_5mhz | debuggerTop/nes/ppu/r_oam[228][7]_i_1_n_2                         |                                                                  |                1 |              8 |         8.00 |
| ~pll/inst/o_clk_5mhz | debuggerTop/nes/ppu/r_oam[235][7]_i_1_n_2                         |                                                                  |                3 |              8 |         2.67 |
| ~pll/inst/o_clk_5mhz | debuggerTop/nes/ppu/r_oam[239][7]_i_1_n_2                         |                                                                  |                4 |              8 |         2.00 |
| ~pll/inst/o_clk_5mhz | debuggerTop/nes/ppu/r_oam[246][7]_i_1_n_2                         |                                                                  |                3 |              8 |         2.67 |
| ~pll/inst/o_clk_5mhz | debuggerTop/nes/ppu/r_oam[223][7]_i_1_n_2                         |                                                                  |                3 |              8 |         2.67 |
| ~pll/inst/o_clk_5mhz | debuggerTop/nes/ppu/r_oam[232][7]_i_1_n_2                         |                                                                  |                2 |              8 |         4.00 |
| ~pll/inst/o_clk_5mhz | debuggerTop/nes/ppu/r_oam[231][7]_i_1_n_2                         |                                                                  |                4 |              8 |         2.00 |
| ~pll/inst/o_clk_5mhz | debuggerTop/nes/ppu/r_oam[221][7]_i_1_n_2                         |                                                                  |                3 |              8 |         2.67 |
| ~pll/inst/o_clk_5mhz | debuggerTop/nes/ppu/r_oam[212][7]_i_1_n_2                         |                                                                  |                4 |              8 |         2.00 |
| ~pll/inst/o_clk_5mhz | debuggerTop/nes/ppu/r_oam[204][7]_i_1_n_2                         |                                                                  |                3 |              8 |         2.67 |
| ~pll/inst/o_clk_5mhz | debuggerTop/nes/ppu/r_oam[218][7]_i_1_n_2                         |                                                                  |                2 |              8 |         4.00 |
| ~pll/inst/o_clk_5mhz | debuggerTop/nes/ppu/r_oam[215][7]_i_1_n_2                         |                                                                  |                3 |              8 |         2.67 |
| ~pll/inst/o_clk_5mhz | debuggerTop/nes/ppu/r_oam[220][7]_i_1_n_2                         |                                                                  |                2 |              8 |         4.00 |
| ~pll/inst/o_clk_5mhz | debuggerTop/nes/ppu/r_oam[225][7]_i_1_n_2                         |                                                                  |                3 |              8 |         2.67 |
| ~pll/inst/o_clk_5mhz | debuggerTop/nes/ppu/r_oam[244][7]_i_1_n_2                         |                                                                  |                2 |              8 |         4.00 |
| ~pll/inst/o_clk_5mhz | debuggerTop/nes/ppu/r_oam[217][7]_i_1_n_2                         |                                                                  |                1 |              8 |         8.00 |
| ~pll/inst/o_clk_5mhz | debuggerTop/nes/ppu/r_oam[208][7]_i_1_n_2                         |                                                                  |                4 |              8 |         2.00 |
| ~pll/inst/o_clk_5mhz | debuggerTop/nes/ppu/r_oam[200][7]_i_1_n_2                         |                                                                  |                1 |              8 |         8.00 |
| ~pll/inst/o_clk_5mhz | debuggerTop/nes/ppu/r_oam[227][7]_i_1_n_2                         |                                                                  |                3 |              8 |         2.67 |
| ~pll/inst/o_clk_5mhz | debuggerTop/nes/ppu/r_oam[202][7]_i_1_n_2                         |                                                                  |                2 |              8 |         4.00 |
| ~pll/inst/o_clk_5mhz | debuggerTop/nes/ppu/r_oam[214][7]_i_1_n_2                         |                                                                  |                2 |              8 |         4.00 |
| ~pll/inst/o_clk_5mhz | debuggerTop/nes/ppu/r_oam[229][7]_i_1_n_2                         |                                                                  |                3 |              8 |         2.67 |
| ~pll/inst/o_clk_5mhz | debuggerTop/nes/ppu/r_oam[233][7]_i_1_n_2                         |                                                                  |                2 |              8 |         4.00 |
| ~pll/inst/o_clk_5mhz | debuggerTop/nes/ppu/r_oam[224][7]_i_1_n_2                         |                                                                  |                2 |              8 |         4.00 |
| ~pll/inst/o_clk_5mhz | debuggerTop/nes/ppu/r_oam[23][7]_i_1_n_2                          |                                                                  |                3 |              8 |         2.67 |
| ~pll/inst/o_clk_5mhz | debuggerTop/nes/ppu/r_oam[245][7]_i_1_n_2                         |                                                                  |                4 |              8 |         2.00 |
| ~pll/inst/o_clk_5mhz | debuggerTop/nes/ppu/r_oam[203][7]_i_1_n_2                         |                                                                  |                3 |              8 |         2.67 |
| ~pll/inst/o_clk_5mhz | debuggerTop/nes/ppu/r_oam[216][7]_i_1_n_2                         |                                                                  |                2 |              8 |         4.00 |
| ~pll/inst/o_clk_5mhz | debuggerTop/nes/ppu/r_oam[219][7]_i_1_n_2                         |                                                                  |                1 |              8 |         8.00 |
| ~pll/inst/o_clk_5mhz | debuggerTop/nes/ppu/r_oam[21][7]_i_1_n_2                          |                                                                  |                5 |              8 |         1.60 |
| ~pll/inst/o_clk_5mhz | debuggerTop/nes/ppu/r_oam[238][7]_i_1_n_2                         |                                                                  |                7 |              8 |         1.14 |
| ~pll/inst/o_clk_5mhz | debuggerTop/nes/ppu/r_oam[234][7]_i_1_n_2                         |                                                                  |                1 |              8 |         8.00 |
| ~pll/inst/o_clk_5mhz | debuggerTop/nes/ppu/r_oam[1][7]_i_1_n_2                           |                                                                  |                3 |              8 |         2.67 |
| ~pll/inst/o_clk_5mhz | debuggerTop/nes/ppu/r_oam[206][7]_i_1_n_2                         |                                                                  |                2 |              8 |         4.00 |
| ~pll/inst/o_clk_5mhz | debuggerTop/nes/ppu/r_oam[210][7]_i_1_n_2                         |                                                                  |                2 |              8 |         4.00 |
| ~pll/inst/o_clk_5mhz | debuggerTop/nes/ppu/r_oam[226][7]_i_1_n_2                         |                                                                  |                3 |              8 |         2.67 |
| ~pll/inst/o_clk_5mhz | debuggerTop/nes/ppu/r_oam[236][7]_i_1_n_2                         |                                                                  |                3 |              8 |         2.67 |
| ~pll/inst/o_clk_5mhz | debuggerTop/nes/ppu/r_oam[237][7]_i_1_n_2                         |                                                                  |                6 |              8 |         1.33 |
| ~pll/inst/o_clk_5mhz | debuggerTop/nes/ppu/r_oam[240][7]_i_1_n_2                         |                                                                  |                1 |              8 |         8.00 |
| ~pll/inst/o_clk_5mhz | debuggerTop/nes/ppu/r_oam[207][7]_i_1_n_2                         |                                                                  |                7 |              8 |         1.14 |
| ~pll/inst/o_clk_5mhz | debuggerTop/nes/ppu/r_oam[241][7]_i_1_n_2                         |                                                                  |                4 |              8 |         2.00 |
| ~pll/inst/o_clk_5mhz | debuggerTop/nes/ppu/r_oam[254][7]_i_1_n_2                         |                                                                  |                4 |              8 |         2.00 |
| ~pll/inst/o_clk_5mhz | debuggerTop/nes/ppu/r_oam[28][7]_i_1_n_2                          |                                                                  |                1 |              8 |         8.00 |
| ~pll/inst/o_clk_5mhz | debuggerTop/nes/ppu/r_oam[25][7]_i_1_n_2                          |                                                                  |                2 |              8 |         4.00 |
| ~pll/inst/o_clk_5mhz | debuggerTop/nes/ppu/r_oam[40][7]_i_1_n_2                          |                                                                  |                2 |              8 |         4.00 |
| ~pll/inst/o_clk_5mhz | debuggerTop/nes/ppu/r_oam[42][7]_i_1_n_2                          |                                                                  |                2 |              8 |         4.00 |
| ~pll/inst/o_clk_5mhz | debuggerTop/nes/ppu/r_oam[255][7]_i_1_n_2                         |                                                                  |                4 |              8 |         2.00 |
| ~pll/inst/o_clk_5mhz | debuggerTop/nes/ppu/r_oam[43][7]_i_1_n_2                          |                                                                  |                5 |              8 |         1.60 |
| ~pll/inst/o_clk_5mhz | debuggerTop/nes/ppu/r_oam[45][7]_i_1_n_2                          |                                                                  |                7 |              8 |         1.14 |
| ~pll/inst/o_clk_5mhz | debuggerTop/nes/ppu/r_oam[47][7]_i_1_n_2                          |                                                                  |                3 |              8 |         2.67 |
| ~pll/inst/o_clk_5mhz | debuggerTop/nes/ppu/r_oam[48][7]_i_1_n_2                          |                                                                  |                2 |              8 |         4.00 |
| ~pll/inst/o_clk_5mhz | debuggerTop/nes/ppu/r_oam[50][7]_i_1_n_2                          |                                                                  |                1 |              8 |         8.00 |
| ~pll/inst/o_clk_5mhz | debuggerTop/nes/ppu/r_oam[52][7]_i_1_n_2                          |                                                                  |                2 |              8 |         4.00 |
| ~pll/inst/o_clk_5mhz | debuggerTop/nes/ppu/r_oam[53][7]_i_1_n_2                          |                                                                  |                5 |              8 |         1.60 |
| ~pll/inst/o_clk_5mhz | debuggerTop/nes/ppu/r_oam[27][7]_i_1_n_2                          |                                                                  |                7 |              8 |         1.14 |
| ~pll/inst/o_clk_5mhz | debuggerTop/nes/ppu/r_oam[252][7]_i_1_n_2                         |                                                                  |                7 |              8 |         1.14 |
| ~pll/inst/o_clk_5mhz | debuggerTop/nes/ppu/r_oam[32][7]_i_1_n_2                          |                                                                  |                2 |              8 |         4.00 |
| ~pll/inst/o_clk_5mhz | debuggerTop/nes/ppu/r_oam[34][7]_i_1_n_2                          |                                                                  |                2 |              8 |         4.00 |
| ~pll/inst/o_clk_5mhz | debuggerTop/nes/ppu/r_oam[30][7]_i_1_n_2                          |                                                                  |                2 |              8 |         4.00 |
| ~pll/inst/o_clk_5mhz | debuggerTop/nes/ppu/r_oam[39][7]_i_1_n_2                          |                                                                  |                2 |              8 |         4.00 |
| ~pll/inst/o_clk_5mhz | debuggerTop/nes/ppu/r_oam[35][7]_i_1_n_2                          |                                                                  |                1 |              8 |         8.00 |
| ~pll/inst/o_clk_5mhz | debuggerTop/nes/ppu/r_oam[251][7]_i_1_n_2                         |                                                                  |                1 |              8 |         8.00 |
| ~pll/inst/o_clk_5mhz | debuggerTop/nes/ppu/r_oam[3][7]_i_1_n_2                           |                                                                  |                2 |              8 |         4.00 |
| ~pll/inst/o_clk_5mhz | debuggerTop/nes/ppu/r_oam[26][7]_i_1_n_2                          |                                                                  |                3 |              8 |         2.67 |
| ~pll/inst/o_clk_5mhz | debuggerTop/nes/ppu/r_oam[24][7]_i_1_n_2                          |                                                                  |                3 |              8 |         2.67 |
| ~pll/inst/o_clk_5mhz | debuggerTop/nes/ppu/r_oam[49][7]_i_1_n_2                          |                                                                  |                2 |              8 |         4.00 |
| ~pll/inst/o_clk_5mhz | debuggerTop/nes/ppu/r_oam[54][7]_i_1_n_2                          |                                                                  |                4 |              8 |         2.00 |
| ~pll/inst/o_clk_5mhz | debuggerTop/nes/ppu/r_oam[29][7]_i_1_n_2                          |                                                                  |                6 |              8 |         1.33 |
| ~pll/inst/o_clk_5mhz | debuggerTop/nes/ppu/r_oam[33][7]_i_1_n_2                          |                                                                  |                4 |              8 |         2.00 |
| ~pll/inst/o_clk_5mhz | debuggerTop/nes/ppu/r_oam[2][7]_i_1_n_2                           |                                                                  |                2 |              8 |         4.00 |
| ~pll/inst/o_clk_5mhz | debuggerTop/nes/ppu/r_oam[55][7]_i_1_n_2                          |                                                                  |                2 |              8 |         4.00 |
| ~pll/inst/o_clk_5mhz | debuggerTop/nes/ppu/r_oam[250][7]_i_1_n_2                         |                                                                  |                3 |              8 |         2.67 |
| ~pll/inst/o_clk_5mhz | debuggerTop/nes/ppu/r_oam[248][7]_i_1_n_2                         |                                                                  |                3 |              8 |         2.67 |
| ~pll/inst/o_clk_5mhz | debuggerTop/nes/ppu/r_oam[56][7]_i_1_n_2                          |                                                                  |                5 |              8 |         1.60 |
| ~pll/inst/o_clk_5mhz | debuggerTop/nes/ppu/r_oam[57][7]_i_1_n_2                          |                                                                  |                5 |              8 |         1.60 |
| ~pll/inst/o_clk_5mhz | debuggerTop/nes/ppu/r_oam[59][7]_i_1_n_2                          |                                                                  |                3 |              8 |         2.67 |
| ~pll/inst/o_clk_5mhz | debuggerTop/nes/ppu/r_oam[5][7]_i_1_n_2                           |                                                                  |                2 |              8 |         4.00 |
| ~pll/inst/o_clk_5mhz | debuggerTop/nes/ppu/r_oam[60][7]_i_1_n_2                          |                                                                  |                2 |              8 |         4.00 |
| ~pll/inst/o_clk_5mhz | debuggerTop/nes/ppu/r_oam[36][7]_i_1_n_2                          |                                                                  |                3 |              8 |         2.67 |
| ~pll/inst/o_clk_5mhz | debuggerTop/nes/ppu/r_oam[4][7]_i_1_n_2                           |                                                                  |                3 |              8 |         2.67 |
| ~pll/inst/o_clk_5mhz | debuggerTop/nes/ppu/r_oam[253][7]_i_1_n_2                         |                                                                  |                5 |              8 |         1.60 |
| ~pll/inst/o_clk_5mhz | debuggerTop/nes/ppu/r_oam[44][7]_i_1_n_2                          |                                                                  |                1 |              8 |         8.00 |
| ~pll/inst/o_clk_5mhz | debuggerTop/nes/ppu/r_oam[51][7]_i_1_n_2                          |                                                                  |                2 |              8 |         4.00 |
| ~pll/inst/o_clk_5mhz | debuggerTop/nes/ppu/r_oam[61][7]_i_1_n_2                          |                                                                  |                4 |              8 |         2.00 |
| ~pll/inst/o_clk_5mhz | debuggerTop/nes/ppu/r_oam[58][7]_i_1_n_2                          |                                                                  |                2 |              8 |         4.00 |
| ~pll/inst/o_clk_5mhz | debuggerTop/nes/ppu/r_oam[38][7]_i_1_n_2                          |                                                                  |                2 |              8 |         4.00 |
| ~pll/inst/o_clk_5mhz | debuggerTop/nes/ppu/r_oam[249][7]_i_1_n_2                         |                                                                  |                4 |              8 |         2.00 |
| ~pll/inst/o_clk_5mhz | debuggerTop/nes/ppu/r_oam[31][7]_i_1_n_2                          |                                                                  |                5 |              8 |         1.60 |
| ~pll/inst/o_clk_5mhz | debuggerTop/nes/ppu/r_oam[41][7]_i_1_n_2                          |                                                                  |                1 |              8 |         8.00 |
| ~pll/inst/o_clk_5mhz | debuggerTop/nes/ppu/r_oam[37][7]_i_1_n_2                          |                                                                  |                3 |              8 |         2.67 |
| ~pll/inst/o_clk_5mhz | debuggerTop/nes/ppu/r_oam[46][7]_i_1_n_2                          |                                                                  |                7 |              8 |         1.14 |
| ~pll/inst/o_clk_5mhz | debuggerTop/nes/ppu/r_oam[73][7]_i_1_n_2                          |                                                                  |                2 |              8 |         4.00 |
| ~pll/inst/o_clk_5mhz | debuggerTop/nes/ppu/r_oam[75][7]_i_1_n_2                          |                                                                  |                4 |              8 |         2.00 |
| ~pll/inst/o_clk_5mhz | debuggerTop/nes/ppu/r_oam[65][7]_i_1_n_2                          |                                                                  |                2 |              8 |         4.00 |
| ~pll/inst/o_clk_5mhz | debuggerTop/nes/ppu/r_oam[7][7]_i_1_n_2                           |                                                                  |                5 |              8 |         1.60 |
| ~pll/inst/o_clk_5mhz | debuggerTop/nes/ppu/r_oam[64][7]_i_1_n_2                          |                                                                  |                6 |              8 |         1.33 |
| ~pll/inst/o_clk_5mhz | debuggerTop/nes/ppu/r_oam[84][7]_i_1_n_2                          |                                                                  |                2 |              8 |         4.00 |
| ~pll/inst/o_clk_5mhz | debuggerTop/nes/ppu/r_oam[88][7]_i_1_n_2                          |                                                                  |                6 |              8 |         1.33 |
| ~pll/inst/o_clk_5mhz | debuggerTop/nes/ppu/r_oam[8][7]_i_1_n_2                           |                                                                  |                5 |              8 |         1.60 |
| ~pll/inst/o_clk_5mhz | debuggerTop/nes/ppu/r_oam[93][7]_i_1_n_2                          |                                                                  |                8 |              8 |         1.00 |
| ~pll/inst/o_clk_5mhz | debuggerTop/nes/ppu/r_oam[98][7]_i_1_n_2                          |                                                                  |                6 |              8 |         1.33 |
| ~pll/inst/o_clk_5mhz | debuggerTop/nes/ppu/r_oam[80][7]_i_1_n_2                          |                                                                  |                2 |              8 |         4.00 |
| ~pll/inst/o_clk_5mhz | debuggerTop/nes/ppu/r_oam[78][7]_i_1_n_2                          |                                                                  |                7 |              8 |         1.14 |
| ~pll/inst/o_clk_5mhz | debuggerTop/nes/ppu/r_oam[70][7]_i_1_n_2                          |                                                                  |                4 |              8 |         2.00 |
| ~pll/inst/o_clk_5mhz | debuggerTop/nes/ppu/r_oam[76][7]_i_1_n_2                          |                                                                  |                1 |              8 |         8.00 |
| ~pll/inst/o_clk_5mhz | debuggerTop/nes/ppu/r_oam[67][7]_i_1_n_2                          |                                                                  |                3 |              8 |         2.67 |
| ~pll/inst/o_clk_5mhz | debuggerTop/nes/ppu/r_oam[68][7]_i_1_n_2                          |                                                                  |                1 |              8 |         8.00 |
| ~pll/inst/o_clk_5mhz | debuggerTop/nes/ppu/r_oam[66][7]_i_1_n_2                          |                                                                  |                4 |              8 |         2.00 |
| ~pll/inst/o_clk_5mhz | debuggerTop/nes/ppu/r_oam[69][7]_i_1_n_2                          |                                                                  |                1 |              8 |         8.00 |
| ~pll/inst/o_clk_5mhz | debuggerTop/nes/ppu/r_oam[63][7]_i_1_n_2                          |                                                                  |                2 |              8 |         4.00 |
| ~pll/inst/o_clk_5mhz | debuggerTop/nes/ppu/r_oam[77][7]_i_1_n_2                          |                                                                  |                4 |              8 |         2.00 |
| ~pll/inst/o_clk_5mhz | debuggerTop/nes/ppu/r_oam[79][7]_i_1_n_2                          |                                                                  |                6 |              8 |         1.33 |
| ~pll/inst/o_clk_5mhz | debuggerTop/nes/ppu/r_oam[89][7]_i_1_n_2                          |                                                                  |                2 |              8 |         4.00 |
| ~pll/inst/o_clk_5mhz | debuggerTop/nes/ppu/r_oam[90][7]_i_1_n_2                          |                                                                  |                2 |              8 |         4.00 |
| ~pll/inst/o_clk_5mhz | debuggerTop/nes/ppu/r_oam[92][7]_i_1_n_2                          |                                                                  |                3 |              8 |         2.67 |
| ~pll/inst/o_clk_5mhz | debuggerTop/nes/ppu/r_oam[95][7]_i_1_n_2                          |                                                                  |                2 |              8 |         4.00 |
| ~pll/inst/o_clk_5mhz | debuggerTop/nes/ppu/r_oam[82][7]_i_1_n_2                          |                                                                  |                1 |              8 |         8.00 |
| ~pll/inst/o_clk_5mhz | debuggerTop/nes/ppu/r_oam[96][7]_i_1_n_2                          |                                                                  |                3 |              8 |         2.67 |
| ~pll/inst/o_clk_5mhz | debuggerTop/nes/ppu/r_oam[85][7]_i_1_n_2                          |                                                                  |                2 |              8 |         4.00 |
| ~pll/inst/o_clk_5mhz | debuggerTop/nes/ppu/r_oam[86][7]_i_1_n_2                          |                                                                  |                2 |              8 |         4.00 |
| ~pll/inst/o_clk_5mhz | debuggerTop/nes/ppu/r_oam[87][7]_i_1_n_2                          |                                                                  |                2 |              8 |         4.00 |
| ~pll/inst/o_clk_5mhz | debuggerTop/nes/ppu/r_oam[6][7]_i_1_n_2                           |                                                                  |                5 |              8 |         1.60 |
| ~pll/inst/o_clk_5mhz | debuggerTop/nes/ppu/r_oam[72][7]_i_1_n_2                          |                                                                  |                2 |              8 |         4.00 |
| ~pll/inst/o_clk_5mhz | debuggerTop/nes/ppu/r_oam[74][7]_i_1_n_2                          |                                                                  |                5 |              8 |         1.60 |
| ~pll/inst/o_clk_5mhz | debuggerTop/nes/ppu/r_oam[71][7]_i_1_n_2                          |                                                                  |                3 |              8 |         2.67 |
| ~pll/inst/o_clk_5mhz | debuggerTop/nes/ppu/r_oam[81][7]_i_1_n_2                          |                                                                  |                1 |              8 |         8.00 |
| ~pll/inst/o_clk_5mhz | debuggerTop/nes/ppu/r_oam[83][7]_i_1_n_2                          |                                                                  |                3 |              8 |         2.67 |
| ~pll/inst/o_clk_5mhz | debuggerTop/nes/ppu/r_oam[91][7]_i_1_n_2                          |                                                                  |                1 |              8 |         8.00 |
| ~pll/inst/o_clk_5mhz | debuggerTop/nes/ppu/r_oam[97][7]_i_1_n_2                          |                                                                  |                3 |              8 |         2.67 |
| ~pll/inst/o_clk_5mhz | debuggerTop/nes/ppu/r_oam[94][7]_i_1_n_2                          |                                                                  |                7 |              8 |         1.14 |
| ~pll/inst/o_clk_5mhz | debuggerTop/nes/ppu/r_oam[62][7]_i_1_n_2                          |                                                                  |                4 |              8 |         2.00 |
| ~pll/inst/o_clk_5mhz | debuggerTop/nes/ppu/r_oam[9][7]_i_1_n_2                           |                                                                  |                6 |              8 |         1.33 |
| ~pll/inst/o_clk_5mhz | debuggerTop/nes/ppu/r_oam[99][7]_i_1_n_2                          |                                                                  |                8 |              8 |         1.00 |
| ~pll/inst/o_clk_5mhz | debuggerTop/nes/ppu/r_video_buffer[7]_i_1_n_2                     | debuggerTop/values/r_nes_reset_n_reg_0                           |                6 |              8 |         1.33 |
| ~pll/inst/o_clk_5mhz | debuggerTop/nes/cpu2A03/cpu6502/tcu/E[0]                          | debuggerTop/values/r_nes_reset_n_reg_0                           |                5 |              8 |         1.60 |
| ~pll/inst/o_clk_5mhz | debuggerTop/nes/cpu2A03/cpu6502/tcu/r_ir_reg[0][0]                | debuggerTop/values/r_nes_reset_n_reg_0                           |                7 |              8 |         1.14 |
| ~pll/inst/o_clk_5mhz | debuggerTop/nes/ppu/r_v[14]_i_1_n_2                               | debuggerTop/values/r_nes_reset_n_reg_0                           |                8 |              9 |         1.12 |
| ~pll/inst/o_clk_5mhz | debuggerTop/nes/ppu/sel                                           | debuggerTop/values/r_nes_reset_n_reg_0                           |                4 |              9 |         2.25 |
| ~pll/inst/o_clk_5mhz | debuggerTop/nes/ppu/r_video_address[13]_i_1_n_2                   |                                                                  |                6 |             14 |         2.33 |
|  pll/inst/o_clk_5mhz | debuggerTop/nes/cpu2A03/cpu6502/alu/E[0]                          | debuggerTop/values/r_nes_reset_n_reg_0                           |               14 |             19 |         1.36 |
| ~pll/inst/o_clk_5mhz | debuggerTop/nes/cpu2A03/cpu6502/ir/r_oamaddr                      | debuggerTop/values/r_nes_reset_n_reg_0                           |               10 |             26 |         2.60 |
| ~pll/inst/o_clk_5mhz | debuggerTop/nes/cpu2A03/cpu6502/alu/E[0]                          | debuggerTop/values/r_nes_reset_n_reg_0                           |               16 |             31 |         1.94 |
|  pll/inst/o_clk_5mhz | debuggerTop/spi/w_rx_dv                                           | debuggerTop/debugger/AR[0]                                       |               14 |             32 |         2.29 |
| ~pll/inst/o_clk_5mhz |                                                                   | debuggerTop/values/r_nes_reset_n_reg_0                           |               27 |             45 |         1.67 |
+----------------------+-------------------------------------------------------------------+------------------------------------------------------------------+------------------+----------------+--------------+


